// Jest Snapshot v1, https://goo.gl/fbAQLP

exports[`set up a pipeline basic stuff 1`] = `
InMemoryCollection {
  "data": Array [
    Array [
      Array [
        "1",
      ],
      2,
    ],
    Array [
      Array [
        "2",
      ],
      1,
    ],
  ],
  "schema": Array [
    "forks",
  ],
}
`;
